
> portfolio@0.1.0 build
> react-scripts build

Creating an optimized production build...
Failed to compile.

Module not found: Error: Can't resolve './pjs' in 'C:\Users\DELL_MCC\OneDrive\Desktop\Portfolio-master\node_modules\tsparticles\cjs'


